≡ƒÜÇ Starting Social Module Tests...

[TEST 1] Following User...
DEBUG REGISTER RESP: {"error":"Farmers must provide profile photo, language, and at least one crop"}
Register Failed for 9111111111: {"error":"Farmers must provide profile photo, language, and at least one crop"}
DEBUG LOGIN RESP: {"error":"User not found"}
Login Failed for 9111111111: {"error":"User not found"}
DEBUG REGISTER RESP: {"error":"Farmers must provide profile photo, language, and at least one crop"}
Register Failed for 9222222222: {"error":"Farmers must provide profile photo, language, and at least one crop"}
DEBUG LOGIN RESP: {"error":"User not found"}
Login Failed for 9222222222: {"error":"User not found"}
DEBUG: FollowerID=, TargetID=

[TEST 2] Posting Comment...
Status: 400 Bad Request
Response: {"error":"Key: 'TargetID' Error:Field validation for 'TargetID' failed on the 'required' tag\nKey: 'SenderID' Error:Field validation for 'SenderID' failed on the 'required' tag"}

[TEST 3] Liking User...
Status: 400 Bad Request
Response: {"error":"Key: 'TargetID' Error:Field validation for 'TargetID' failed on the 'required' tag\nKey: 'SenderID' Error:Field validation for 'SenderID' failed on the 'required' tag"}

[TEST 4] Checking Notifications...
Status: 400 Bad Request
Response: {"error":"user_id required"}

Γ£à Social Tests Completed.
